# █░█ █▄█ █▀█ █▀█ █▀▄ █▀█ ▀█▀ █▀
# █▀█ ░█░ █▀▀ █▀▄ █▄▀ █▄█ ░█░ ▄█
# steam
# gamescope
# mangohud
neovim
emote
trash-cli
gamemode
	
# █▀█ █▀█ █ █▄░█ ▀█▀ █▀▀ █▀█
# █▀▀ █▀▄ █ █░▀█ ░█░ ██▄ █▀▄
# epson-printer-utility
# epson-inkjet-printer-201207w
# epsonscan2

# █▀▄ █▀▀ █░█
# █▄▀ ██▄ ▀▄▀
github-cli
lazygit
npm
meld
microsoft-edge-stable-bin
responsively
vlc
ticktick
google-chrome

# █▀▀ █▀█ █▄░█ ▀█▀ █▀
# █▀░ █▄█ █░▀█ ░█░ ▄█
noto-fonts-emoji
terminus-font
ttf-meslo-nerd
ttf-arimo-nerd
ttf-font-awesome
ttf-material-design-icons-git
ttf-jetbrains-mono-nerd

# █▀ █▄█ █▀ ▀█▀ █▀▀ █▀▄▀█
# ▄█ ░█░ ▄█ ░█░ ██▄ █░▀░█
wget
whois
man-db
man-pages
lf
tree
tldr
pkgfile
selectdefaultapplication-fork-git
ventoy-bin
mkinitcpio-firmware
mkinitcpio-numlock
archlinux-tweak-tool-git
reflector-simple
sofirem-git
unrar
zip
unzip
downgrade
efitools
os-prober
mtools
ntfs-3g
duf
hyprshade-git
hyprpicker-git
xorg-xwininfo
xclip
zramd
trash-cli
xdg-user-dirs
expac
xorg-xhost
ookla-speedtest-bin
devtools
debtap

# ▄▀█ █▄░█ █▀▄ █▀█ █▀█ █ █▀▄ 
# █▀█ █░▀█ █▄▀ █▀▄ █▄█ █ █▄▀ 
android-tools

# █▀▀ █ █░░ █▀▀   █▀▀ ▀▄▀ █▀█ █░░ █▀█ █▀█ █▀▀ █▀█
# █▀░ █ █▄▄ ██▄   ██▄ █░█ █▀▀ █▄▄ █▄█ █▀▄ ██▄ █▀▄
# dolphin-megasync-bin
# dolphin-meld
konsole
gthumb
gwenview

# █▀▄▀█ █░█ █▀ █ █▀▀
# █░▀░█ █▄█ ▄█ █ █▄▄
# youtube-music-git
spotify
spicetify-cli

# ▀█▀ █░█ █▀▀ █▀▄▀█ █▀▀
# ░█░ █▀█ ██▄ █░▀░█ ██▄
catppuccin-konsole-theme-git
libadwaita-without-adwaita-git

# ▄▀█ █▀█ █▀█ █▀
# █▀█ █▀▀ █▀▀ ▄█
# megasync-bin (use arco)
# discord-screenaudio
# pamac-nosnap
caprine
filezilla
audacity
timeshift
btop
nvtop
partitionmanager
kalk
bitwarden
freedownloadmanager
krita
gimp
telegram-desktop
piper-git
handbrake