neovim
emote
trash-cli-git
# steam
gamemode
# gamescope
# mangohud

# git
github-cli
lazygit
# gitkraken (same as vscode gitlens)

# music
spotify
spicetify-cli
# youtube-music-git

# file explorer
konsole
# dolphin-megasync-bin
# dolphin-meld

# system
wget
whois
man-db
man-pages
lf
which
tree
tldr++
pkgfile
selectdefaultapplication-fork-git
ventoy-bin
mkinitcpio-firmware
archlinux-tweak-tool-git
reflector-simple
sofirem-git
unrar
zip
unzip
curl
downgrade
efitools
os-prober
mtools
ntfs-3g
duf
hyprshade-git
hyprpicker-git
xorg-xwininfo
xclip
zramd
trash-cli
xdg-user-dirs
expac
xorg-xhost

# fonts
terminus-font
ttf-meslo-nerd
ttf-arimo-nerd
ttf-font-awesome
ttf-material-design-icons-git
ttf-jetbrains-mono-git

# dev
npm
meld
microsoft-edge-stable-bin
responsively
vlc
ticktick
google-chrome

# android
android-tools

# theme
catppuccin-konsole-theme-git
libadwaita-without-adwaita-git

# apps
# megasync-bin (use arco)
caprine
filezilla
# pamac-nosnap
audacity
timeshift
btop
nvtop
partitionmanager
kalk
bitwarden
# discord-screenaudio
freedownloadmanager
krita
gthumb
gimp
telegram-desktop